../Core/Src/main.c:168:6:Send_Packet	24	static
../Core/Src/main.c:83:5:main	176	static
../Core/Src/main.c:305:6:SystemClock_Config	80	static
../Core/Src/main.c:349:13:MX_ADC_Init	24	static
../Core/Src/main.c:404:13:MX_I2C1_Init	8	static
../Core/Src/main.c:438:13:MX_USART1_UART_Init	8	static
../Core/Src/main.c:471:13:MX_USART2_UART_Init	8	static
../Core/Src/main.c:504:13:MX_GPIO_Init	48	static
../Core/Src/main.c:544:5:__io_putchar	16	static
../Core/Src/main.c:555:6:Error_Handler	4	static,ignoring_inline_asm
