../Core/Src/main.c:165:9:Send_Integer	24	static
../Core/Src/main.c:83:5:main	176	static
../Core/Src/main.c:285:6:SystemClock_Config	80	static
../Core/Src/main.c:329:13:MX_ADC_Init	24	static
../Core/Src/main.c:384:13:MX_I2C1_Init	8	static
../Core/Src/main.c:418:13:MX_USART1_UART_Init	8	static
../Core/Src/main.c:451:13:MX_USART2_UART_Init	8	static
../Core/Src/main.c:484:13:MX_GPIO_Init	48	static
../Core/Src/main.c:524:5:__io_putchar	16	static
../Core/Src/main.c:535:6:Error_Handler	4	static,ignoring_inline_asm
